[     160ms] [LOG] Sentry Logger [log]: Flushing outcomes... @ http://localhost:3000/_next/static/chunks/0kiw_next_dist_0cxu7wq._.js:906
[     160ms] [LOG] Sentry Logger [log]: No outcomes to send @ http://localhost:3000/_next/static/chunks/0kiw_next_dist_0cxu7wq._.js:906
[     226ms] [WARNING] Sentry Logger [warn]: No DSN provided, client will not send events. @ http://localhost:3000/_next/static/chunks/0xcg_%40sentry_core_build_esm_1tbys5w._.js:7258
[     228ms] [INFO] %cDownload the React DevTools for a better development experience: https://react.dev/link/react-devtools font-weight:bold @ http://localhost:3000/_next/static/chunks/0kiw_next_dist_0cxu7wq._.js:906
[     314ms] [LOG] [HMR] connected @ http://localhost:3000/_next/static/chunks/0kiw_next_dist_0cxu7wq._.js:906
[     324ms] [LOG] %c%s%c Sentry Logger [log]: background: #e6e6e6;background: light-dark(rgba(0,0,0,0.1), rgba(255,255,255,0.25));color: #000000;color: light-dark(#000000, #ffffff);border-radius: 2px  Server   [Tracing] Starting sampled span
  op: < unknown op >
  name: generateMetadata /[locale]/page
  ID: 868f885e46e81e5f
  parent ID: 9387d9a28f8ebad0
  root ID: 82f734294b4605b3
  root op: http.server
  root description: /[locale] @ http://localhost:3000/_next/static/chunks/0kiw_next_dist_0cxu7wq._.js:906
[     325ms] [LOG] %c%s%c Sentry Logger [log]: background: #e6e6e6;background: light-dark(rgba(0,0,0,0.1), rgba(255,255,255,0.25));color: #000000;color: light-dark(#000000, #ffffff);border-radius: 2px  Server   [Tracing] Finishing "< unknown op >" span "generateMetadata /[locale]/page" with ID 868f885e46e81e5f @ http://localhost:3000/_next/static/chunks/0kiw_next_dist_0cxu7wq._.js:906
[     381ms] [LOG] %c[Vercel Web Analytics]%c Debug mode is enabled by default in development. No requests will be sent to the server. color: rgb(120, 120, 120) color: inherit @ http://localhost:3000/_next/static/chunks/0kiw_next_dist_0cxu7wq._.js:906
[     381ms] [LOG] %c[Vercel Web Analytics]%c Running queued event color: rgb(120, 120, 120) color: inherit pageview {route: /[locale], path: /en} @ http://localhost:3000/_next/static/chunks/0kiw_next_dist_0cxu7wq._.js:906
[     381ms] [LOG] %c[Vercel Web Analytics]%c Running queued event color: rgb(120, 120, 120) color: inherit pageview {route: /[locale], path: /en} @ http://localhost:3000/_next/static/chunks/0kiw_next_dist_0cxu7wq._.js:906
[     381ms] [LOG] %c[Vercel Web Analytics]%c [view] http://localhost:3000/en color: rgb(120, 120, 120) color: inherit {o: http://localhost:3000/en, sv: 0.1.3, sdkn: @vercel/analytics/next, sdkv: 2.0.1, ts: 1789504538111} /_vercel/insights/view @ http://localhost:3000/_next/static/chunks/0kiw_next_dist_0cxu7wq._.js:906
[     381ms] [LOG] %c[Vercel Web Analytics]%c [view] http://localhost:3000/en color: rgb(120, 120, 120) color: inherit {o: http://localhost:3000/en, sv: 0.1.3, sdkn: @vercel/analytics/next, sdkv: 2.0.1, ts: 1789504538111} /_vercel/insights/view @ http://localhost:3000/_next/static/chunks/0kiw_next_dist_0cxu7wq._.js:906
[  130335ms] [LOG] Sentry Logger [log]: Flushing outcomes... @ http://localhost:3000/_next/static/chunks/0kiw_next_dist_0cxu7wq._.js:906
[  130335ms] [LOG] Sentry Logger [log]: No outcomes to send @ http://localhost:3000/_next/static/chunks/0kiw_next_dist_0cxu7wq._.js:906
